[     144ms] [INFO] %cDownload the React DevTools for a better development experience: https://reactjs.org/link/react-devtools font-weight:bold @ http://localhost:5173/node_modules/.vite/deps/chunk-XPR23Y44.js?v=74f19ece:21548
[     149ms] [WARNING] ⚠️ React Router Future Flag Warning: React Router will begin wrapping state updates in `React.startTransition` in v7. You can use the `v7_startTransition` future flag to opt-in early. For more information, see https://reactrouter.com/v6/upgrading/future#v7_starttransition. @ http://localhost:5173/node_modules/.vite/deps/react-router-dom.js?v=74f19ece:4424
[     149ms] [WARNING] ⚠️ React Router Future Flag Warning: Relative route resolution within Splat routes is changing in v7. You can use the `v7_relativeSplatPath` future flag to opt-in early. For more information, see https://reactrouter.com/v6/upgrading/future#v7_relativesplatpath. @ http://localhost:5173/node_modules/.vite/deps/react-router-dom.js?v=74f19ece:4424
[   21472ms] [INFO] %cDownload the React DevTools for a better development experience: https://reactjs.org/link/react-devtools font-weight:bold @ http://localhost:5173/node_modules/.vite/deps/chunk-XPR23Y44.js?v=74f19ece:21548
[   21476ms] [WARNING] ⚠️ React Router Future Flag Warning: React Router will begin wrapping state updates in `React.startTransition` in v7. You can use the `v7_startTransition` future flag to opt-in early. For more information, see https://reactrouter.com/v6/upgrading/future#v7_starttransition. @ http://localhost:5173/node_modules/.vite/deps/react-router-dom.js?v=74f19ece:4424
[   21476ms] [WARNING] ⚠️ React Router Future Flag Warning: Relative route resolution within Splat routes is changing in v7. You can use the `v7_relativeSplatPath` future flag to opt-in early. For more information, see https://reactrouter.com/v6/upgrading/future#v7_relativesplatpath. @ http://localhost:5173/node_modules/.vite/deps/react-router-dom.js?v=74f19ece:4424
[   28341ms] [ERROR] Access to fetch at 'https://gk7cxun4e1.execute-api.us-east-1.amazonaws.com/prod/learning-plan' from origin 'http://localhost:5173' has been blocked by CORS policy: No 'Access-Control-Allow-Origin' header is present on the requested resource. @ http://localhost:5173/plan:0
[   28341ms] [ERROR] Failed to load resource: net::ERR_FAILED @ https://gk7cxun4e1.execute-api.us-east-1.amazonaws.com/prod/learning-plan:0
[   28976ms] [ERROR] Access to fetch at 'https://gk7cxun4e1.execute-api.us-east-1.amazonaws.com/prod/learning-plan' from origin 'http://localhost:5173' has been blocked by CORS policy: No 'Access-Control-Allow-Origin' header is present on the requested resource. @ http://localhost:5173/plan:0
[   28976ms] [ERROR] Failed to load resource: net::ERR_FAILED @ https://gk7cxun4e1.execute-api.us-east-1.amazonaws.com/prod/learning-plan:0
[   33575ms] [ERROR] Access to fetch at 'https://gk7cxun4e1.execute-api.us-east-1.amazonaws.com/prod/career-goal' from origin 'http://localhost:5173' has been blocked by CORS policy: No 'Access-Control-Allow-Origin' header is present on the requested resource. @ http://localhost:5173/career:0
[   33575ms] [ERROR] Failed to load resource: net::ERR_FAILED @ https://gk7cxun4e1.execute-api.us-east-1.amazonaws.com/prod/career-goal:0
[   34200ms] [ERROR] Access to fetch at 'https://gk7cxun4e1.execute-api.us-east-1.amazonaws.com/prod/career-goal' from origin 'http://localhost:5173' has been blocked by CORS policy: No 'Access-Control-Allow-Origin' header is present on the requested resource. @ http://localhost:5173/career:0
[   34200ms] [ERROR] Failed to load resource: net::ERR_FAILED @ https://gk7cxun4e1.execute-api.us-east-1.amazonaws.com/prod/career-goal:0
[   36535ms] [ERROR] Access to fetch at 'https://gk7cxun4e1.execute-api.us-east-1.amazonaws.com/prod/career-goal' from origin 'http://localhost:5173' has been blocked by CORS policy: No 'Access-Control-Allow-Origin' header is present on the requested resource. @ http://localhost:5173/career:0
[   36535ms] [ERROR] Failed to load resource: net::ERR_FAILED @ https://gk7cxun4e1.execute-api.us-east-1.amazonaws.com/prod/career-goal:0
[   36758ms] [ERROR] Access to fetch at 'https://gk7cxun4e1.execute-api.us-east-1.amazonaws.com/prod/career-goal' from origin 'http://localhost:5173' has been blocked by CORS policy: No 'Access-Control-Allow-Origin' header is present on the requested resource. @ http://localhost:5173/career:0
[   36758ms] [ERROR] Failed to load resource: net::ERR_FAILED @ https://gk7cxun4e1.execute-api.us-east-1.amazonaws.com/prod/career-goal:0
[   37955ms] [ERROR] Access to fetch at 'https://gk7cxun4e1.execute-api.us-east-1.amazonaws.com/prod/learning-plan' from origin 'http://localhost:5173' has been blocked by CORS policy: No 'Access-Control-Allow-Origin' header is present on the requested resource. @ http://localhost:5173/plan:0
[   37955ms] [ERROR] Failed to load resource: net::ERR_FAILED @ https://gk7cxun4e1.execute-api.us-east-1.amazonaws.com/prod/learning-plan:0
[   38176ms] [ERROR] Access to fetch at 'https://gk7cxun4e1.execute-api.us-east-1.amazonaws.com/prod/learning-plan' from origin 'http://localhost:5173' has been blocked by CORS policy: No 'Access-Control-Allow-Origin' header is present on the requested resource. @ http://localhost:5173/plan:0
[   38176ms] [ERROR] Failed to load resource: net::ERR_FAILED @ https://gk7cxun4e1.execute-api.us-east-1.amazonaws.com/prod/learning-plan:0
[   46576ms] [ERROR] Access to fetch at 'https://gk7cxun4e1.execute-api.us-east-1.amazonaws.com/prod/learning-plan' from origin 'http://localhost:5173' has been blocked by CORS policy: No 'Access-Control-Allow-Origin' header is present on the requested resource. @ http://localhost:5173/plan:0
[   46576ms] [ERROR] Failed to load resource: net::ERR_FAILED @ https://gk7cxun4e1.execute-api.us-east-1.amazonaws.com/prod/learning-plan:0
[   46794ms] [ERROR] Access to fetch at 'https://gk7cxun4e1.execute-api.us-east-1.amazonaws.com/prod/learning-plan' from origin 'http://localhost:5173' has been blocked by CORS policy: No 'Access-Control-Allow-Origin' header is present on the requested resource. @ http://localhost:5173/plan:0
[   46795ms] [ERROR] Failed to load resource: net::ERR_FAILED @ https://gk7cxun4e1.execute-api.us-east-1.amazonaws.com/prod/learning-plan:0
[   55500ms] [ERROR] Access to fetch at 'https://gk7cxun4e1.execute-api.us-east-1.amazonaws.com/prod/career-goal' from origin 'http://localhost:5173' has been blocked by CORS policy: No 'Access-Control-Allow-Origin' header is present on the requested resource. @ http://localhost:5173/career:0
[   55500ms] [ERROR] Failed to load resource: net::ERR_FAILED @ https://gk7cxun4e1.execute-api.us-east-1.amazonaws.com/prod/career-goal:0
[   56127ms] [ERROR] Access to fetch at 'https://gk7cxun4e1.execute-api.us-east-1.amazonaws.com/prod/career-goal' from origin 'http://localhost:5173' has been blocked by CORS policy: No 'Access-Control-Allow-Origin' header is present on the requested resource. @ http://localhost:5173/search:0
[   56127ms] [ERROR] Failed to load resource: net::ERR_FAILED @ https://gk7cxun4e1.execute-api.us-east-1.amazonaws.com/prod/career-goal:0
